---
source: src/tests/rebase.rs
expression: ctx.redact_buffer()
---
▌72b1b67 main add second-file                                    Author Name __ |
 645b5e4 add third-file                                          Author Name __ |
 f5149db add first-file                                          Author Name __ |
 b66a0bf origin/main add initial-file                            Author Name __ |
                                                                                |
                                                                                |
                                                                                |
                                                                                |
                                                                                |
                                                                                |
                                                                                |
                                                                                |
                                                                                |
                                                                                |
                                                                                |
                                                                                |
                                                                                |
                                                                                |
                                                                                |
                                                                                |
styles_hash: 6a0c94a14d797ed
