---
source: src/tests/editor.rs
expression: ctx.redact_buffer()
---
 main                                                                           |
                                                                                |
 Recent commits                                                                 |
 b66a0bf main origin/main add initial-file                                      |
                                                                                |
                                                                                |
                                                                                |
                                                                                |
────────────────────────────────────────────────────────────────────────────────|
 3/3   Renderer feature › █                                                     |
▌  side-by-side                                                                 |
   line-numbers                                                                 |
   hyperlinks                                                                   |
                                                                                |
                                                                                |
                                                                                |
                                                                                |
                                                                                |
                                                                                |
                                                                                |
styles_hash: ef4f9485fa398916
