---
source: src/tests/rebase.rs
expression: ctx.redact_buffer()
---
▌       132f122 add third-file                                                  |
        bc73029 add second-file                                                 |
                                                                                |
                                                                                |
                                                                                |
                                                                                |
                                                                                |
                                                                                |
                                                                                |
                                                                                |
                                                                                |
                                                                                |
                                                                                |
                                                                                |
                                                                                |
                                                                                |
                                                                                |
                                                                                |
                                                                                |
                                                                                |
styles_hash: a1c72a193d69ca17
