---
source: src/tests/commit.rs
expression: ctx.redact_buffer()
---
▌56e4088 main add beta.txt                                                      |
 d5b0e9e add alpha.txt                                                          |
 b66a0bf origin/main add initial-file                                           |
                                                                                |
                                                                                |
                                                                                |
                                                                                |
                                                                                |
                                                                                |
                                                                                |
                                                                                |
                                                                                |
                                                                                |
                                                                                |
                                                                                |
                                                                                |
                                                                                |
                                                                                |
                                                                                |
                                                                                |
styles_hash: eec2693559e6326f
