---
source: src/tests/log.rs
expression: ctx.redact_buffer()
---
                                                                                |
▌▸ 6c08cf7 Author Name 2024-02-16                                               |
▌    add second commit                                                          |
                                                                                |
                                                                                |
                                                                                |
                                                                                |
                                                                                |
                                                                                |
                                                                                |
                                                                                |
                                                                                |
                                                                                |
                                                                                |
                                                                                |
                                                                                |
                                                                                |
                                                                                |
                                                                                |
                                                                                |
styles_hash: 11e28d4c85aa9e7d
