---
source: src/tests/rebase.rs
expression: ctx.redact_buffer()
---
▌72b1b67 main add second-file                                                   |
 645b5e4 add third-file                                                         |
 f5149db add first-file                                                         |
 b66a0bf origin/main add initial-file                                           |
                                                                                |
                                                                                |
                                                                                |
                                                                                |
                                                                                |
                                                                                |
                                                                                |
                                                                                |
                                                                                |
                                                                                |
                                                                                |
                                                                                |
                                                                                |
                                                                                |
                                                                                |
                                                                                |
styles_hash: 33789d2cbce36b95
