---
source: src/tests/log.rs
expression: ctx.redact_buffer()
---
▌main                                                                           |
                                                                                |
 Recent commits                                                                 |
 8bb5532 main add first commit                                                  |
 6c08cf7 add second commit                                                      |
 79e63f1 add third commit                                                       |
 b66a0bf origin/main add initial-file                                           |
                                                                                |
                                                                                |
                                                                                |
                                                                                |
                                                                                |
                                                                                |
                                                                                |
                                                                                |
                                                                                |
                                                                                |
                                                                                |
────────────────────────────────────────────────────────────────────────────────|
! Value must be a number greater than 0                                         |
styles_hash: ee71725b4ccee2f6
