---
source: src/tests/stash.rs
expression: ctx.redact_buffer()
---
 main                                                                           |
                                                                                |
▌Staged changes (2)                                                             |
▌added      file-one…                                                           |
▌added      file-two                                                            |
▌@@ -0,0 +1 @@                                                                  |
▌+blahonga                                                                      |
                                                                                |
 Recent commits                                                                 |
 b66a0bf main origin/main add initial-file                                      |
                                                                                |
                                                                                |
                                                                                |
                                                                                |
                                                                                |
                                                                                |
                                                                                |
                                                                                |
────────────────────────────────────────────────────────────────────────────────|
! Cannot stash: working tree is empty                                           |
styles_hash: cd0cc3ed31f3472f
