---
source: src/tests/stage.rs
expression: ctx.redact_buffer()
---
▌main                                                                           |
                                                                                |
 Staged changes (1)                                                             |
 added      new-file                                                            |
                                                                                |
 Recent commits                                                                 |
 b66a0bf main origin/main add initial-file                                      |
                                                                                |
                                                                                |
                                                                                |
                                                                                |
                                                                                |
                                                                                |
                                                                                |
                                                                                |
                                                                                |
                                                                                |
                                                                                |
                                                                                |
                                                                                |
styles_hash: 289fe9ee0402fb0
