---
source: src/tests/rebase.rs
expression: ctx.redact_buffer()
---
▌645b5e4 main add third-file                                                    |
 f5149db add first-file                                                         |
 b66a0bf origin/main add initial-file                                           |
                                                                                |
                                                                                |
                                                                                |
                                                                                |
                                                                                |
                                                                                |
                                                                                |
                                                                                |
                                                                                |
                                                                                |
                                                                                |
                                                                                |
                                                                                |
                                                                                |
                                                                                |
                                                                                |
                                                                                |
styles_hash: eec2693559e6326f
