---
source: src/tests/commit.rs
expression: ctx.redact_buffer()
---
 main                                                                           |
                                                                                |
 Recent commits                                                                 |
 56e4088 main add beta.txt                                                      |
 d5b0e9e add alpha.txt                                                          |
 b66a0bf origin/main add initial-file                                           |
                                                                                |
                                                                                |
────────────────────────────────────────────────────────────────────────────────|
 3/3   Fixup › █                                                                |
▌56e4088 main add beta.txt                                                      |
 d5b0e9e add alpha.txt                                                          |
 b66a0bf origin/main add initial-file                                           |
                                                                                |
                                                                                |
                                                                                |
                                                                                |
                                                                                |
                                                                                |
                                                                                |
styles_hash: a412af18978e498
