---
source: src/tests/log.rs
expression: ctx.redact_buffer()
---
                                                                                |
▌▸ 8bb5532 Author Name 2024-02-16 (HEAD -> main)…                               |
                                                                                |
 ▸ 6c08cf7 Author Name 2024-02-16                                               |
     add second commit                                                          |
                                                                                |
 ▸ 79e63f1 Author Name 2024-02-16                                               |
     add third commit                                                           |
                                                                                |
 ▸ b66a0bf Author Name 2024-02-16 (origin/main, origin/HEAD)                    |
     add initial-file                                                           |
                                                                                |
                                                                                |
                                                                                |
                                                                                |
                                                                                |
                                                                                |
                                                                                |
                                                                                |
                                                                                |
styles_hash: 2f6e728df8bafd29
