---
source: src/tests/rebase.rs
expression: ctx.redact_buffer()
---
                                                                                |
 pick   ▸ 132f122 Author Name 2024-02-16 (HEAD -> main)                         |
     add third-file                                                             |
                                                                                |
▌squash ▸ bc73029 Author Name 2024-02-16                                        |
▌    add second-file                                                            |
                                                                                |
 pick   ▸ f5149db Author Name 2024-02-16                                        |
     add first-file                                                             |
                                                                                |
                                                                                |
                                                                                |
                                                                                |
                                                                                |
                                                                                |
                                                                                |
                                                                                |
                                                                                |
                                                                                |
                                                                                |
styles_hash: db1f4b1dd0c0cbf
