---
source: src/tests/mod.rs
expression: ctx.redact_buffer()
---
────────────────────────────────────────────────────────────────────────────────|
 Help                                     Submenu           main                |
 Y                Show Refs               b   Branch        tab Fold            |
 |                Renderer features       c   Commit                            |
 backtab          Fold all                f   Fetch                             |
 U                Diff context            h/? Help                              |
 /                Search                  l   Log                               |
 n                Next match              m   Merge                             |
 N                Previous match          M   Remote                            |
 :                Edit git command        F   Pull                              |
 _                Files                   P   Push                              |
 k/up             Up                      r   Rebase                            |
 j/down           Down                    X   Reset                             |
 ctrl+k/ctrl+up   Up line                 V   Revert                            |
 ctrl+j/ctrl+down Down line               A   Cherry-pick                       |
 shift+up         Select up               z   Stash                             |
 shift+down       Select down                                                   |
 alt+k/alt+up     Prev section                                                  |
 alt+j/alt+down   Next section                                                  |
 alt+h/alt+left   Parent section                                                |
styles_hash: 8cb91cfff46b2d5e
