---
source: src/tests/rebase.rs
expression: ctx.redact_buffer()
---
                                                                                |
 pick   ▸ 132f122 Author Name 2024-02-16 (HEAD -> main)                         |
     add third-file                                                             |
                                                                                |
▌squash ▸ bc73029 Author Name 2024-02-16                                        |
▌    add second-file                                                            |
────────────────────────────────────────────────────────────────────────────────|
 Rebase todo                    squash ▸ bc73029 Author Name 2024-02-16         |
 k/up   Up                      alt+k    Move up                                |
 j/down Down                    alt+up   Move up                                |
 g+g    Top                     alt+j    Move down                              |
 G      Bottom                  alt+down Move down                              |
 ctrl+u Scroll half page up     p        pick                                   |
 ctrl+d Scroll half page down   r        reword                                 |
 ctrl+y Scroll view up          e        edit                                   |
 ctrl+e Scroll view down        s        squash                                 |
 q/esc  Quit/Close              f        fixup                                  |
                                d        drop                                   |
                                enter    Start rebase                           |
                                tab      Fold                                   |
styles_hash: fe6b8c9353acaad7
