---
source: src/tests/rebase.rs
expression: ctx.redact_buffer()
---
        132f122 add third-file                                                  |
        bc73029 add second-file                                                 |
▌       f5149db add first-file                                                  |
                                                                                |
                                                                                |
                                                                                |
                                                                                |
                                                                                |
                                                                                |
                                                                                |
                                                                                |
                                                                                |
                                                                                |
                                                                                |
                                                                                |
                                                                                |
                                                                                |
                                                                                |
                                                                                |
                                                                                |
styles_hash: cd18ebe45c7b421b
