---
source: src/tests/stash.rs
expression: ctx.redact_buffer()
---
▌main                                                                           |
                                                                                |
 Untracked files                                                                |
 file-two                                                                       |
                                                                                |
 Stashes                                                                        |
 stash@0 On main: test                                                          |
                                                                                |
 Recent commits                                                                 |
 b66a0bf main origin/main add initial-file                                      |
                                                                                |
                                                                                |
                                                                                |
                                                                                |
                                                                                |
                                                                                |
                                                                                |
────────────────────────────────────────────────────────────────────────────────|
$ git stash push --staged --message test                                        |
Saved working directory and index state On main: test                           |
styles_hash: 9c0ca821e2efc43d
