---
source: src/tests/commit.rs
expression: ctx.redact_buffer()
---
 1cee609 main add file-10                                        Author Name __ |
 60c9fa8 add file-9                                              Author Name __ |
 14327a8 add file-8                                              Author Name __ |
 ae37012 add file-7                                              Author Name __ |
 585709b add file-6                                              Author Name __ |
 ed20882 add file-5                                              Author Name __ |
 5eef443 add file-4                                              Author Name __ |
 1cc7f07 add file-3                                              Author Name __ |
▌f67e3f0 add file-2                                              Author Name __ |
 ce87247 add file-1                                              Author Name __ |
 b66a0bf origin/main add initial-file                            Author Name __ |
                                                                                |
                                                                                |
                                                                                |
                                                                                |
                                                                                |
                                                                                |
                                                                                |
                                                                                |
                                                                                |
styles_hash: 5d739375db7da941
