---
source: src/tests/mod.rs
expression: ctx.redact_buffer()
---
▌main                                                                           |
                                                                                |
 Unstaged changes (1)                                                           |
 modified   tab.txt                                                             |
 @@ -1 +1 @@                                                                    |
 -this has no tab prefixed                                                      |
 +    this has a tab prefixed                                                   |
                                                                                |
 Recent commits                                                                 |
 0295453 main add tab.txt                                                       |
 b66a0bf origin/main add initial-file                                           |
                                                                                |
                                                                                |
                                                                                |
                                                                                |
                                                                                |
                                                                                |
                                                                                |
                                                                                |
                                                                                |
styles_hash: 3806a7c2b431d3f9
