---
source: src/tests/commit.rs
expression: ctx.redact_buffer()
---
▌On branch main                                                                 |
▌Your branch is ahead of 'origin/main' by 2 commit(s).                          |
                                                                                |
 Recent commits                                                                 |
 dc3494a main add beta.txt                                       Author Name __ |
 c870a9a add alpha.txt                                           Author Name __ |
 b66a0bf origin/main add initial-file                            Author Name __ |
                                                                                |
                                                                                |
                                                                                |
                                                                                |
                                                                                |
                                                                                |
                                                                                |
                                                                                |
                                                                                |
                                                                                |
                                                                                |
                                                                                |
                                                                                |
styles_hash: ba8ccaa27e37dd5a
