---
source: src/tests/remote.rs
expression: ctx.redact_buffer()
---
▌main                                                                           |
                                                                                |
 Recent commits                                                                 |
 b66a0bf main origin/main add initial-file                                      |
                                                                                |
                                                                                |
                                                                                |
                                                                                |
                                                                                |
                                                                                |
                                                                                |
                                                                                |
                                                                                |
                                                                                |
                                                                                |
                                                                                |
                                                                                |
                                                                                |
────────────────────────────────────────────────────────────────────────────────|
$ git remote add test localhost                                                 |
styles_hash: 3415aed51c7ed300
