---
source: src/tests/commit.rs
expression: ctx.redact_buffer()
---
 1cee609 main add file-10                                                       |
 60c9fa8 add file-9                                                             |
 14327a8 add file-8                                                             |
 ae37012 add file-7                                                             |
 585709b add file-6                                                             |
 ed20882 add file-5                                                             |
 5eef443 add file-4                                                             |
 1cc7f07 add file-3                                                             |
▌f67e3f0 add file-2                                                             |
 ce87247 add file-1                                                             |
 b66a0bf origin/main add initial-file                                           |
                                                                                |
                                                                                |
                                                                                |
                                                                                |
                                                                                |
                                                                                |
                                                                                |
                                                                                |
                                                                                |
styles_hash: 841e3eac620ec85c
