---
source: src/tests/rebase.rs
expression: ctx.redact_buffer()
---
▌pick   132f122 add third-file                                                  |
 pick   bc73029 add second-file                                                 |
                                                                                |
                                                                                |
                                                                                |
                                                                                |
                                                                                |
                                                                                |
                                                                                |
                                                                                |
                                                                                |
                                                                                |
                                                                                |
                                                                                |
                                                                                |
                                                                                |
                                                                                |
                                                                                |
                                                                                |
                                                                                |
styles_hash: f89c1e04ce282dab
