---
source: src/tests/mod.rs
expression: ctx.redact_buffer()
---
▌main                                                                           |
                                                                                |
 Recent commits                                                                 |
 e7eb2bd main add new-file                                                      |
 b66a0bf origin/main add initial-file                                           |
                                                                                |
                                                                                |
                                                                                |
                                                                                |
                                                                                |
                                                                                |
                                                                                |
                                                                                |
                                                                                |
                                                                                |
                                                                                |
                                                                                |
                                                                                |
                                                                                |
                                                                                |
styles_hash: 7a6d408befe8b5cb
