---
source: src/tests/mod.rs
expression: ctx.redact_buffer()
---
▌main                                                                           |
                                                                                |
 Stashes                                                                        |
 stash@0 On main: firststash                                                    |
                                                                                |
 Recent commits                                                                 |
 cd4d2d1 main add testfile                                                      |
 b66a0bf origin/main add initial-file                                           |
                                                                                |
                                                                                |
                                                                                |
                                                                                |
                                                                                |
                                                                                |
                                                                                |
                                                                                |
                                                                                |
                                                                                |
                                                                                |
                                                                                |
styles_hash: 37c0c338c736db2b
