---
source: src/tests/rebase.rs
expression: ctx.redact_buffer()
---
 pick   132f122 add third-file                                                  |
 pick   bc73029 add second-file                                                 |
▌pick   f5149db add first-file                                                  |
                                                                                |
                                                                                |
                                                                                |
                                                                                |
                                                                                |
                                                                                |
                                                                                |
                                                                                |
                                                                                |
                                                                                |
                                                                                |
                                                                                |
                                                                                |
                                                                                |
                                                                                |
                                                                                |
                                                                                |
styles_hash: c5a3cb5588d25c7d
