---
source: src/tests/rebase.rs
expression: ctx.redact_buffer()
---
 132f122 main add third-file                                                    |
 bc73029 add second-file                                                        |
▌f5149db add first-file                                                         |
 b66a0bf origin/main add initial-file                                           |
                                                                                |
                                                                                |
                                                                                |
                                                                                |
                                                                                |
                                                                                |
                                                                                |
                                                                                |
                                                                                |
                                                                                |
                                                                                |
                                                                                |
                                                                                |
                                                                                |
                                                                                |
                                                                                |
styles_hash: 9600c9ca9c1f5a04
