---
source: src/tests/mod.rs
expression: ctx.redact_buffer()
---
▌main                                                                           |
                                                                                |
 Unstaged changes (1)                                                           |
 added      unstaged.txt                                                        |
 @@ -0,0 +1 @@                                                                  |
 +unstaged                                                                      |
                                                                                |
 Staged changes (1)                                                             |
 added      staged.txt                                                          |
 @@ -0,0 +1 @@                                                                  |
 +staged                                                                        |
                                                                                |
 Recent commits                                                                 |
 b66a0bf main origin/main add initial-file                                      |
                                                                                |
                                                                                |
                                                                                |
                                                                                |
                                                                                |
                                                                                |
styles_hash: 6a4f5574f87679c9
