---
source: src/tests/discard.rs
expression: ctx.redact_buffer()
---
 main                                                                           |
                                                                                |
 Recent commits                                                                 |
▌46c81ca main add new-file                                                      |
 b66a0bf origin/main add initial-file                                           |
                                                                                |
                                                                                |
                                                                                |
                                                                                |
                                                                                |
                                                                                |
                                                                                |
                                                                                |
                                                                                |
                                                                                |
                                                                                |
                                                                                |
                                                                                |
────────────────────────────────────────────────────────────────────────────────|
$ git apply --reverse --index --recount                                         |
styles_hash: a74c07ac2a9b2e2d
