---
source: src/tests/log.rs
expression: ctx.redact_buffer()
---
▌8bb5532 main add first commit                                                  |
 6c08cf7 add second commit                                                      |
 79e63f1 add third commit                                                       |
 b66a0bf origin/main add initial-file                                           |
                                                                                |
                                                                                |
                                                                                |
                                                                                |
                                                                                |
                                                                                |
                                                                                |
                                                                                |
                                                                                |
                                                                                |
                                                                                |
                                                                                |
                                                                                |
                                                                                |
                                                                                |
                                                                                |
styles_hash: 33789d2cbce36b95
