---
source: src/tests/discard.rs
expression: ctx.redact_buffer()
---
 main                                                                           |
                                                                                |
 Recent commits                                                                 |
▌b66a0bf main origin/main add initial-file                                      |
                                                                                |
                                                                                |
                                                                                |
                                                                                |
                                                                                |
                                                                                |
                                                                                |
                                                                                |
                                                                                |
                                                                                |
                                                                                |
                                                                                |
                                                                                |
                                                                                |
────────────────────────────────────────────────────────────────────────────────|
$ git apply --reverse --index --recount                                         |
styles_hash: faea8db0d72032fd
