---
source: src/tests/rebase.rs
expression: ctx.redact_buffer()
---
▌pick   bc73029 add second-file                                                 |
 pick   132f122 add third-file                                                  |
 pick   f5149db add first-file                                                  |
                                                                                |
                                                                                |
                                                                                |
                                                                                |
                                                                                |
                                                                                |
                                                                                |
                                                                                |
                                                                                |
                                                                                |
                                                                                |
                                                                                |
                                                                                |
                                                                                |
                                                                                |
                                                                                |
                                                                                |
styles_hash: 35f533965ab551e
