---
source: src/tests/mod.rs
expression: ctx.redact_buffer()
---
 main                                                                           |
                                                                                |
 Untracked files                                                                |
▌a                                                                              |
                                                                                |
 Staged changes (1)                                                             |
 added      b                                                                   |
 @@ -0,0 +1 @@                                                                  |
 +test                                                                          |
                                                                                |
 Recent commits                                                                 |
 b66a0bf main origin/main add initial-file                                      |
                                                                                |
                                                                                |
                                                                                |
                                                                                |
                                                                                |
                                                                                |
                                                                                |
                                                                                |
styles_hash: da91cb6d4023eb17
