---
source: src/tests/rebase.rs
expression: ctx.redact_buffer()
---
▌       bc73029 add second-file                                                 |
        132f122 add third-file                                                  |
        f5149db add first-file                                                  |
                                                                                |
                                                                                |
                                                                                |
                                                                                |
                                                                                |
                                                                                |
                                                                                |
                                                                                |
                                                                                |
                                                                                |
                                                                                |
                                                                                |
                                                                                |
                                                                                |
                                                                                |
                                                                                |
                                                                                |
styles_hash: b3866e89228c0b33
